###############################################################################
#
# IAR ELF Linker V8.40.2.214/W32 for ARM                  04/Jan/2024  04:10:32
# Copyright 2007-2019 IAR Systems AB.
#
#    Output file  =
#        D:\STM32\project_ca_nhan\doanfinal\EWARM\doanfinal\Exe\doanfinal.out
#    Map file     =
#        D:\STM32\project_ca_nhan\doanfinal\EWARM\doanfinal\List\doanfinal.map
#    Command line =
#        -f C:\Users\dangd\AppData\Local\Temp\EWAD5C.tmp
#        (D:\STM32\project_ca_nhan\doanfinal\EWARM\doanfinal\Obj\flash.o
#        D:\STM32\project_ca_nhan\doanfinal\EWARM\doanfinal\Obj\I2Cdev.o
#        D:\STM32\project_ca_nhan\doanfinal\EWARM\doanfinal\Obj\imu.o
#        D:\STM32\project_ca_nhan\doanfinal\EWARM\doanfinal\Obj\main.o
#        D:\STM32\project_ca_nhan\doanfinal\EWARM\doanfinal\Obj\MPU6050.o
#        D:\STM32\project_ca_nhan\doanfinal\EWARM\doanfinal\Obj\pid_function.o
#        D:\STM32\project_ca_nhan\doanfinal\EWARM\doanfinal\Obj\read_encoder_data.o
#        D:\STM32\project_ca_nhan\doanfinal\EWARM\doanfinal\Obj\startup_stm32f407xx.o
#        D:\STM32\project_ca_nhan\doanfinal\EWARM\doanfinal\Obj\stm32f4xx_hal.o
#        D:\STM32\project_ca_nhan\doanfinal\EWARM\doanfinal\Obj\stm32f4xx_hal_cortex.o
#        D:\STM32\project_ca_nhan\doanfinal\EWARM\doanfinal\Obj\stm32f4xx_hal_dma.o
#        D:\STM32\project_ca_nhan\doanfinal\EWARM\doanfinal\Obj\stm32f4xx_hal_dma_ex.o
#        D:\STM32\project_ca_nhan\doanfinal\EWARM\doanfinal\Obj\stm32f4xx_hal_exti.o
#        D:\STM32\project_ca_nhan\doanfinal\EWARM\doanfinal\Obj\stm32f4xx_hal_flash.o
#        D:\STM32\project_ca_nhan\doanfinal\EWARM\doanfinal\Obj\stm32f4xx_hal_flash_ex.o
#        D:\STM32\project_ca_nhan\doanfinal\EWARM\doanfinal\Obj\stm32f4xx_hal_flash_ramfunc.o
#        D:\STM32\project_ca_nhan\doanfinal\EWARM\doanfinal\Obj\stm32f4xx_hal_gpio.o
#        D:\STM32\project_ca_nhan\doanfinal\EWARM\doanfinal\Obj\stm32f4xx_hal_i2c.o
#        D:\STM32\project_ca_nhan\doanfinal\EWARM\doanfinal\Obj\stm32f4xx_hal_i2c_ex.o
#        D:\STM32\project_ca_nhan\doanfinal\EWARM\doanfinal\Obj\stm32f4xx_hal_msp.o
#        D:\STM32\project_ca_nhan\doanfinal\EWARM\doanfinal\Obj\stm32f4xx_hal_pwr.o
#        D:\STM32\project_ca_nhan\doanfinal\EWARM\doanfinal\Obj\stm32f4xx_hal_pwr_ex.o
#        D:\STM32\project_ca_nhan\doanfinal\EWARM\doanfinal\Obj\stm32f4xx_hal_rcc.o
#        D:\STM32\project_ca_nhan\doanfinal\EWARM\doanfinal\Obj\stm32f4xx_hal_rcc_ex.o
#        D:\STM32\project_ca_nhan\doanfinal\EWARM\doanfinal\Obj\stm32f4xx_hal_tim.o
#        D:\STM32\project_ca_nhan\doanfinal\EWARM\doanfinal\Obj\stm32f4xx_hal_tim_ex.o
#        D:\STM32\project_ca_nhan\doanfinal\EWARM\doanfinal\Obj\stm32f4xx_hal_uart.o
#        D:\STM32\project_ca_nhan\doanfinal\EWARM\doanfinal\Obj\stm32f4xx_it.o
#        D:\STM32\project_ca_nhan\doanfinal\EWARM\doanfinal\Obj\system_stm32f4xx.o
#        --redirect _Printf=_PrintfFull --redirect _Scanf=_ScanfFull
#        --no_out_extension -o
#        D:\STM32\project_ca_nhan\doanfinal\EWARM\doanfinal\Exe\doanfinal.out
#        --map
#        D:\STM32\project_ca_nhan\doanfinal\EWARM\doanfinal\List\doanfinal.map
#        --config
#        D:\STM32\project_ca_nhan\doanfinal\EWARM/stm32f407xx_flash.icf
#        --semihosting --entry __iar_program_start --vfe --text_out locale)
#
###############################################################################

*******************************************************************************
*** RUNTIME MODEL ATTRIBUTES
***

CppFlavor                     = *
__CPP_Exceptions              = Disabled
__CPP_Language                = C++14
__Heap_Handler                = DLMalloc
__SystemLibrary               = DLib
__dlib_dynamic_initialization = normal
__dlib_version                = 6


*******************************************************************************
*** HEAP SELECTION
***

The advanced heap was selected because the application calls memory
allocation functions outside of system library functions, and there
are calls to deallocation functions in the application.


*******************************************************************************
*** PLACEMENT SUMMARY
***

"A0":  place at address 0x800'0000 { ro section .intvec };
"P1":  place in [from 0x800'0000 to 0x80f'ffff] { ro };
define block CSTACK with size = 1K, alignment = 8 { };
define block HEAP with size = 512, alignment = 8 { };
"P2":  place in [from 0x2000'0000 to 0x2001'ffff] {
          rw, block CSTACK, block HEAP };
initialize by copy { rw };

  Section                Kind         Address    Size  Object
  -------                ----         -------    ----  ------
"A0":                                           0x188
  .intvec                ro code   0x800'0000   0x188  startup_stm32f407xx.o [1]
                                 - 0x800'0188   0x188

"P1":                                          0x5889
  .text                  ro code   0x800'0188  0x13a6  stm32f4xx_hal_i2c.o [1]
  .text                  ro code   0x800'152e    0x3a  zero_init3.o [5]
  .text                  ro code   0x800'1568   0x530  stm32f4xx_hal_msp.o [1]
  .text                  ro code   0x800'1a98   0x1ac  stm32f4xx_hal_rcc.o [1]
  .text                  ro code   0x800'1c44     0xc  stm32f4xx_hal.o [1]
  .text                  ro code   0x800'1c50     0x2  stm32f4xx_hal_i2c.o [1]
  .text                  ro code   0x800'1c52     0x2  stm32f4xx_hal_i2c.o [1]
  .text                  ro code   0x800'1c54     0x2  stm32f4xx_hal_i2c.o [1]
  .text                  ro code   0x800'1c56     0x2  stm32f4xx_hal_i2c.o [1]
  .text                  ro code   0x800'1c58     0x2  stm32f4xx_hal_i2c.o [1]
  .text                  ro code   0x800'1c5a     0x2  stm32f4xx_hal_i2c.o [1]
  .text                  ro code   0x800'1c5c   0x404  stm32f4xx_hal_dma.o [1]
  .text                  ro code   0x800'2060     0x2  stm32f4xx_hal_i2c.o [1]
  .text                  ro code   0x800'2062     0x2  stm32f4xx_hal_i2c.o [1]
  .text                  ro code   0x800'2064     0x2  stm32f4xx_hal_i2c.o [1]
  .text                  ro code   0x800'2066     0x2  stm32f4xx_hal_i2c.o [1]
  .text                  ro code   0x800'2068    0x14  memset.o [5]
  .text                  ro code   0x800'207c   0x216  stm32f4xx_hal_gpio.o [1]
  .rodata                const     0x800'2292     0x1  unwind_debug.o [6]
  .text                  ro code   0x800'2294    0xc4  stm32f4xx_hal_cortex.o [1]
  .text                  ro code   0x800'2358   0xbc0  main.o [1]
  .text                  ro code   0x800'2f18    0x40  stm32f4xx_hal.o [1]
  .text                  ro code   0x800'2f58   0x106  I64DivMod_small.o [5]
  .text                  ro code   0x800'3060    0x66  ABImemset.o [5]
  .text                  ro code   0x800'30c8   0x884  stm32f4xx_hal_uart.o [1]
  .text                  ro code   0x800'394c   0x12c  imu.o [1]
  .text                  ro code   0x800'3a78    0x34  stm32f4xx_hal.o [1]
  .text                  ro code   0x800'3aac     0x6  ABImemclr4.o [5]
  .text                  ro code   0x800'3ab4   0x762  stm32f4xx_hal_tim.o [1]
  .text                  ro code   0x800'4218    0xe0  stm32f4xx_hal_tim_ex.o [1]
  .text                  ro code   0x800'42f8    0x28  stm32f4xx_hal.o [1]
  .text                  ro code   0x800'4320    0x14  strlen_small.o [5]
  .text                  ro code   0x800'4334   0x258  pid_function.o [1]
  .text                  ro code   0x800'458c    0x48  FltToDbl.o [4]
  .text                  ro code   0x800'45d4    0x22  S32ToDbl.o [4]
  .text                  ro code   0x800'45f8    0x3a  DblToS32.o [4]
  .text                  ro code   0x800'4634   0x31c  stm32f4xx_hal_rcc.o [1]
  .text                  ro code   0x800'4950     0x2  I64DivZer.o [5]
  .text                  ro code   0x800'4952     0x2  stm32f4xx_hal_uart.o [1]
  .text                  ro code   0x800'4954     0x2  stm32f4xx_hal_uart.o [1]
  .text                  ro code   0x800'4956     0x2  stm32f4xx_hal_uart.o [1]
  .text                  ro code   0x800'4958     0x2  stm32f4xx_hal_uart.o [1]
  .text                  ro code   0x800'495c    0xe2  MPU6050.o [1]
  .text                  ro code   0x800'4a40   0x120  I2Cdev.o [1]
  .text                  ro code   0x800'4b60    0x50  flash.o [1]
  .text                  ro code   0x800'4bb0   0x1a2  DblMul.o [4]
  .text                  ro code   0x800'4d54   0x17a  DblAdd.o [4]
  .text                  ro code   0x800'4ed0    0x68  DblToFlt.o [4]
  .text                  ro code   0x800'4f38    0x32  ABImemset48.o [5]
  .text                  ro code   0x800'4f6a     0x2  stm32f4xx_hal_tim.o [1]
  .text                  ro code   0x800'4f6c     0x2  stm32f4xx_hal_tim.o [1]
  .text                  ro code   0x800'4f6e     0x2  stm32f4xx_hal_tim.o [1]
  .text                  ro code   0x800'4f70     0x2  stm32f4xx_hal_tim_ex.o [1]
  .text                  ro code   0x800'4f72     0x2  stm32f4xx_hal_tim.o [1]
  .text                  ro code   0x800'4f74     0x2  stm32f4xx_hal_tim_ex.o [1]
  .text                  ro code   0x800'4f76     0x2  stm32f4xx_hal_tim.o [1]
  .text                  ro code   0x800'4f78    0xe2  DblSub.o [4]
  .text                  ro code   0x800'505c    0x2e  DblCmpGe.o [4]
  .text                  ro code   0x800'508c   0x246  DblDiv.o [4]
  .text                  ro code   0x800'52d4    0x20  DblCmpEq.o [4]
  .text                  ro code   0x800'52f4    0x2e  DblCmpLe.o [4]
  .text                  ro code   0x800'5324   0x1e0  stm32f4xx_hal_flash.o [1]
  .text                  ro code   0x800'5504   0x15c  stm32f4xx_hal_flash_ex.o [1]
  .text                  ro code   0x800'5660   0x118  stm32f4xx_it.o [1]
  .text                  ro code   0x800'5778    0x10  stm32f4xx_hal.o [1]
  .text                  ro code   0x800'5788    0x38  packbits_init_single.o [5]
  .text                  ro code   0x800'57c0    0x28  data_init.o [5]
  .text                  ro code   0x800'57e8    0x22  fpinit_M.o [4]
  .iar.init_table        const     0x800'580c    0x24  - Linker created -
  .text                  ro code   0x800'5830    0x20  system_stm32f4xx.o [1]
  .text                  ro code   0x800'5850    0x20  cmain_call_ctors.o [5]
  .text                  ro code   0x800'5870    0x18  cppinit.o [2]
  .text                  ro code   0x800'5888    0x1e  cmain.o [5]
  .text                  ro code   0x800'58a6     0x4  low_level_init.o [2]
  .text                  ro code   0x800'58aa     0x4  exit.o [2]
  .text                  ro code   0x800'58b0     0xa  cexit.o [5]
  .text                  ro code   0x800'58bc    0x14  exit.o [6]
  .text                  ro code   0x800'58d0    0x10  startup_stm32f407xx.o [1]
  .text                  ro code   0x800'58e0     0xc  cstartup_M.o [5]
  .rodata                const     0x800'58ec     0x8  system_stm32f4xx.o [1]
  .text                  ro code   0x800'58f4     0x4  startup_stm32f407xx.o [1]
  .text                  ro code   0x800'58f8     0x4  startup_stm32f407xx.o [1]
  .text                  ro code   0x800'58fc     0x4  startup_stm32f407xx.o [1]
  .text                  ro code   0x800'5900     0x4  startup_stm32f407xx.o [1]
  .text                  ro code   0x800'5904     0x4  startup_stm32f407xx.o [1]
  .text                  ro code   0x800'5908     0x4  startup_stm32f407xx.o [1]
  .text                  ro code   0x800'590c     0x4  startup_stm32f407xx.o [1]
  .text                  ro code   0x800'5910     0x4  startup_stm32f407xx.o [1]
  .text                  ro code   0x800'5914     0x4  startup_stm32f407xx.o [1]
  .text                  ro code   0x800'5918     0x4  startup_stm32f407xx.o [1]
  .text                  ro code   0x800'591c     0x4  startup_stm32f407xx.o [1]
  .text                  ro code   0x800'5920     0x4  startup_stm32f407xx.o [1]
  .text                  ro code   0x800'5924     0x4  startup_stm32f407xx.o [1]
  .text                  ro code   0x800'5928     0x4  startup_stm32f407xx.o [1]
  .text                  ro code   0x800'592c     0x4  startup_stm32f407xx.o [1]
  .text                  ro code   0x800'5930     0x4  startup_stm32f407xx.o [1]
  .text                  ro code   0x800'5934     0x4  startup_stm32f407xx.o [1]
  .text                  ro code   0x800'5938     0x4  startup_stm32f407xx.o [1]
  .text                  ro code   0x800'593c     0x4  startup_stm32f407xx.o [1]
  .text                  ro code   0x800'5940     0x4  startup_stm32f407xx.o [1]
  .text                  ro code   0x800'5944     0x4  startup_stm32f407xx.o [1]
  .text                  ro code   0x800'5948     0x4  startup_stm32f407xx.o [1]
  .text                  ro code   0x800'594c     0x4  startup_stm32f407xx.o [1]
  .text                  ro code   0x800'5950     0x4  startup_stm32f407xx.o [1]
  .text                  ro code   0x800'5954     0x4  startup_stm32f407xx.o [1]
  .text                  ro code   0x800'5958     0x4  startup_stm32f407xx.o [1]
  .text                  ro code   0x800'595c     0x4  startup_stm32f407xx.o [1]
  .text                  ro code   0x800'5960     0x4  startup_stm32f407xx.o [1]
  .text                  ro code   0x800'5964     0x4  startup_stm32f407xx.o [1]
  .text                  ro code   0x800'5968     0x4  startup_stm32f407xx.o [1]
  .text                  ro code   0x800'596c     0x4  startup_stm32f407xx.o [1]
  .text                  ro code   0x800'5970     0x4  startup_stm32f407xx.o [1]
  .text                  ro code   0x800'5974     0x4  startup_stm32f407xx.o [1]
  .text                  ro code   0x800'5978     0x4  startup_stm32f407xx.o [1]
  .text                  ro code   0x800'597c     0x4  startup_stm32f407xx.o [1]
  .text                  ro code   0x800'5980     0x4  startup_stm32f407xx.o [1]
  .text                  ro code   0x800'5984     0x4  startup_stm32f407xx.o [1]
  .text                  ro code   0x800'5988     0x4  startup_stm32f407xx.o [1]
  .text                  ro code   0x800'598c     0x4  startup_stm32f407xx.o [1]
  .text                  ro code   0x800'5990     0x4  startup_stm32f407xx.o [1]
  .text                  ro code   0x800'5994     0x4  startup_stm32f407xx.o [1]
  .text                  ro code   0x800'5998     0x4  startup_stm32f407xx.o [1]
  .text                  ro code   0x800'599c     0x4  startup_stm32f407xx.o [1]
  .text                  ro code   0x800'59a0     0x4  startup_stm32f407xx.o [1]
  .text                  ro code   0x800'59a4     0x4  startup_stm32f407xx.o [1]
  .text                  ro code   0x800'59a8     0x4  startup_stm32f407xx.o [1]
  .text                  ro code   0x800'59ac     0x4  startup_stm32f407xx.o [1]
  .text                  ro code   0x800'59b0     0x4  startup_stm32f407xx.o [1]
  .text                  ro code   0x800'59b4     0x4  startup_stm32f407xx.o [1]
  .text                  ro code   0x800'59b8     0x4  startup_stm32f407xx.o [1]
  .text                  ro code   0x800'59bc     0x4  startup_stm32f407xx.o [1]
  .text                  ro code   0x800'59c0     0x4  startup_stm32f407xx.o [1]
  .text                  ro code   0x800'59c4     0x4  startup_stm32f407xx.o [1]
  .text                  ro code   0x800'59c8     0x4  startup_stm32f407xx.o [1]
  .text                  ro code   0x800'59cc     0x4  startup_stm32f407xx.o [1]
  .text                  ro code   0x800'59d0     0x4  startup_stm32f407xx.o [1]
  .text                  ro code   0x800'59d4     0x4  startup_stm32f407xx.o [1]
  .text                  ro code   0x800'59d8     0x4  startup_stm32f407xx.o [1]
  .text                  ro code   0x800'59dc     0x4  startup_stm32f407xx.o [1]
  SHT$$PREINIT_ARRAY               0x800'59e0     0x0  <Block>
  SHT$$INIT_ARRAY                  0x800'59e0     0x4  <Block>
    .init_array          const     0x800'59e0     0x4  imu.o [1]
  __iar_tls$$INIT_ARRAY            0x800'59e4     0x0  <Block>
  .rodata                const     0x800'59e4     0x0  zero_init3.o [5]
  .rodata                const     0x800'59e4     0x0  packbits_init_single.o [5]
  Initializer bytes      const     0x800'59e4    0x2d  <for P2-1>
                                 - 0x800'5a11  0x5889

"P2", part 1 of 3:                              0x39a
  P2-1                            0x2000'0000   0x39a  <Init block>
    .data                inited   0x2000'0000   0x360  main.o [1]
    .data                inited   0x2000'0360    0x28  imu.o [1]
    .data                inited   0x2000'0388     0xc  stm32f4xx_hal.o [1]
    .data                inited   0x2000'0394     0x4  system_stm32f4xx.o [1]
    .data                inited   0x2000'0398     0x2  I2Cdev.o [1]
                                - 0x2000'039a   0x39a

"P2", part 2 of 3:                              0x2ec
  .bss                   zero     0x2000'039c    0xc0  main.o [1]
  .bss                   zero     0x2000'045c    0x60  main.o [1]
  .bss                   zero     0x2000'04bc    0x60  main.o [1]
  .bss                   zero     0x2000'051c    0x48  main.o [1]
  .bss                   zero     0x2000'0564    0x48  main.o [1]
  .bss                   zero     0x2000'05ac    0x48  main.o [1]
  .bss                   zero     0x2000'05f4    0x48  main.o [1]
  .bss                   zero     0x2000'063c    0x2c  read_encoder_data.o [1]
  .bss                   zero     0x2000'0668    0x20  stm32f4xx_hal_flash.o [1]
                                - 0x2000'0688   0x2ec

"P2", part 3 of 3:                              0x400
  CSTACK                          0x2000'0688   0x400  <Block>
    CSTACK               uninit   0x2000'0688   0x400  <Block tail>
                                - 0x2000'0a88   0x400

Unused ranges:

         From           To      Size
         ----           --      ----
   0x800'5a11   0x80f'ffff  0xf'a5ef
  0x2000'039a  0x2000'039b       0x2
  0x2000'0a88  0x2001'ffff  0x1'f578


*******************************************************************************
*** INIT TABLE
***

          Address      Size
          -------      ----
Zero (__iar_zero_init3)
    1 destination range, total size 0x2ec:
          0x2000'039c  0x2ec

Copy/packbits (__iar_packbits_init_single3)
    1 source range, total size 0x2d (4% of destination):
           0x800'59e4   0x2d
    1 destination range, total size 0x39a:
          0x2000'0000  0x39a

Extra (__iar_cstart_call_ctors)



*******************************************************************************
*** MODULE SUMMARY
***

    Module                    ro code  ro data  rw data
    ------                    -------  -------  -------
command line/config:
    ---------------------------------------------------
    Total:

D:\STM32\project_ca_nhan\doanfinal\EWARM\doanfinal\Obj: [1]
    I2Cdev.o                      288        1        2
    MPU6050.o                     226
    flash.o                        80
    imu.o                         300        6       40
    main.o                      3'008       42    1'536
    pid_function.o                600
    read_encoder_data.o                              44
    startup_stm32f407xx.o         644
    stm32f4xx_hal.o               184                12
    stm32f4xx_hal_cortex.o        196
    stm32f4xx_hal_dma.o         1'028
    stm32f4xx_hal_flash.o         480                32
    stm32f4xx_hal_flash_ex.o      348
    stm32f4xx_hal_gpio.o          534
    stm32f4xx_hal_i2c.o         5'050
    stm32f4xx_hal_msp.o         1'328
    stm32f4xx_hal_rcc.o         1'224
    stm32f4xx_hal_tim.o         1'900
    stm32f4xx_hal_tim_ex.o        228
    stm32f4xx_hal_uart.o        2'188
    stm32f4xx_it.o                280
    system_stm32f4xx.o             32        8        4
    ---------------------------------------------------
    Total:                     20'146       57    1'670

dl7M_tlf.a: [2]
    cppinit.o                      24
    exit.o                          4
    low_level_init.o                4
    ---------------------------------------------------
    Total:                         32

dlpp7M_tl_fc.a: [3]
    ---------------------------------------------------
    Total:

m7M_tls.a: [4]
    DblAdd.o                      378
    DblCmpEq.o                     32
    DblCmpGe.o                     46
    DblCmpLe.o                     46
    DblDiv.o                      582
    DblMul.o                      418
    DblSub.o                      226
    DblToFlt.o                    104
    DblToS32.o                     58
    FltToDbl.o                     72
    S32ToDbl.o                     34
    fpinit_M.o                     34
    ---------------------------------------------------
    Total:                      2'030

rt7M_tl.a: [5]
    ABImemclr4.o                    6
    ABImemset.o                   102
    ABImemset48.o                  50
    I64DivMod_small.o             262
    I64DivZer.o                     2
    cexit.o                        10
    cmain.o                        30
    cmain_call_ctors.o             32
    cstartup_M.o                   12
    data_init.o                    40
    memset.o                       20
    packbits_init_single.o         56
    strlen_small.o                 20
    zero_init3.o                   58
    ---------------------------------------------------
    Total:                        700

shb_l.a: [6]
    exit.o                         20
    unwind_debug.o                           1
    ---------------------------------------------------
    Total:                         20        1

    Gaps                           33        2
    Linker created                          36    1'024
-------------------------------------------------------
    Grand Total:               22'961       96    2'694


*******************************************************************************
*** ENTRY LIST
***

Entry                       Address   Size  Type      Object
-----                       -------   ----  ----      ------
.iar.init_table$$Base    0x800'580c          --   Gb  - Linker created -
.iar.init_table$$Limit   0x800'5830          --   Gb  - Linker created -
?main                    0x800'5889         Code  Gb  cmain.o [5]
AHBPrescTable            0x800'5840   0x10  Data  Gb  system_stm32f4xx.o [1]
APBPrescTable            0x800'58ec    0x8  Data  Gb  system_stm32f4xx.o [1]
BusFault_Handler         0x800'5667    0x2  Code  Gb  stm32f4xx_it.o [1]
CSTACK$$Base            0x2000'0688          --   Gb  - Linker created -
CSTACK$$Limit           0x2000'0a88          --   Gb  - Linker created -
DMA1_Stream5_IRQHandler
                         0x800'56c5    0x6  Code  Gb  stm32f4xx_it.o [1]
DMA2_Stream2_IRQHandler
                         0x800'572f    0x6  Code  Gb  stm32f4xx_it.o [1]
DMA_CalcBaseAndBitshift(DMA_HandleTypeDef *)::flagBitshiftOffset
                         0x800'2058    0x8  Data  Lc  stm32f4xx_hal_dma.o [1]
DebugMon_Handler         0x800'566d    0x2  Code  Gb  stm32f4xx_it.o [1]
EXTI0_IRQHandler         0x800'5675   0x24  Code  Gb  stm32f4xx_it.o [1]
EXTI15_10_IRQHandler     0x800'5707    0x8  Code  Gb  stm32f4xx_it.o [1]
EXTI1_IRQHandler         0x800'5699    0x6  Code  Gb  stm32f4xx_it.o [1]
EXTI3_IRQHandler         0x800'569f    0x6  Code  Gb  stm32f4xx_it.o [1]
EXTI4_IRQHandler         0x800'56a5   0x20  Code  Gb  stm32f4xx_it.o [1]
Error_Handler            0x800'2f15    0x4  Code  Gb  main.o [1]
FLASH_Erase_Sector       0x800'55b7   0x4c  Code  Gb  stm32f4xx_hal_flash_ex.o [1]
FLASH_FlushCaches        0x800'5603   0x50  Code  Gb  stm32f4xx_hal_flash_ex.o [1]
FLASH_WaitForLastOperation
                         0x800'53c3   0x4c  Code  Gb  stm32f4xx_hal_flash.o [1]
Flash_Delete             0x800'4b61   0x2a  Code  Gb  flash.o [1]
Flash_Read               0x800'4bad    0x4  Code  Gb  flash.o [1]
Flash_Write              0x800'4b8b   0x22  Code  Gb  flash.o [1]
HAL_DMA_Abort            0x800'1dad   0x78  Code  Gb  stm32f4xx_hal_dma.o [1]
HAL_DMA_Abort_IT         0x800'1e25   0x24  Code  Gb  stm32f4xx_hal_dma.o [1]
HAL_DMA_GetState         0x800'2009    0x6  Code  Gb  stm32f4xx_hal_dma.o [1]
HAL_DMA_IRQHandler       0x800'1e49  0x188  Code  Gb  stm32f4xx_hal_dma.o [1]
HAL_DMA_Init             0x800'1c5d   0xee  Code  Gb  stm32f4xx_hal_dma.o [1]
HAL_DMA_Start_IT         0x800'1d4b   0x62  Code  Gb  stm32f4xx_hal_dma.o [1]
HAL_Delay                0x800'42f9   0x28  Code  Wk  stm32f4xx_hal.o [1]
HAL_FLASHEx_Erase        0x800'5505   0x92  Code  Gb  stm32f4xx_hal_flash_ex.o [1]
HAL_FLASH_Lock           0x800'53b3    0xa  Code  Gb  stm32f4xx_hal_flash.o [1]
HAL_FLASH_Program        0x800'5325   0x6e  Code  Gb  stm32f4xx_hal_flash.o [1]
HAL_FLASH_Unlock         0x800'5393   0x20  Code  Gb  stm32f4xx_hal_flash.o [1]
HAL_GPIO_EXTI_IRQHandler
                         0x800'2251   0x10  Code  Gb  stm32f4xx_hal_gpio.o [1]
HAL_GPIO_Init            0x800'207d  0x1c0  Code  Gb  stm32f4xx_hal_gpio.o [1]
HAL_GPIO_ReadPin         0x800'223d    0xc  Code  Gb  stm32f4xx_hal_gpio.o [1]
HAL_GPIO_WritePin        0x800'2249    0x8  Code  Gb  stm32f4xx_hal_gpio.o [1]
HAL_GetTick              0x800'1c45    0xc  Code  Wk  stm32f4xx_hal.o [1]
HAL_I2C_ER_IRQHandler    0x800'0de9  0x11c  Code  Gb  stm32f4xx_hal_i2c.o [1]
HAL_I2C_EV_IRQHandler    0x800'0689  0x66c  Code  Gb  stm32f4xx_hal_i2c.o [1]
HAL_I2C_Init             0x800'0189  0x12c  Code  Gb  stm32f4xx_hal_i2c.o [1]
HAL_I2C_Mem_Read         0x800'0459  0x120  Code  Gb  stm32f4xx_hal_i2c.o [1]
HAL_I2C_Mem_Write        0x800'0329   0xd0  Code  Gb  stm32f4xx_hal_i2c.o [1]
HAL_I2C_MspInit          0x800'159f   0x8e  Code  Gb  stm32f4xx_hal_msp.o [1]
HAL_IncTick              0x800'5779   0x10  Code  Wk  stm32f4xx_hal.o [1]
HAL_Init                 0x800'3a79   0x30  Code  Gb  stm32f4xx_hal.o [1]
HAL_InitTick             0x800'2f19   0x40  Code  Wk  stm32f4xx_hal.o [1]
HAL_MspInit              0x800'1569   0x36  Code  Gb  stm32f4xx_hal_msp.o [1]
HAL_NVIC_EnableIRQ       0x800'2303   0x16  Code  Gb  stm32f4xx_hal_cortex.o [1]
HAL_NVIC_SetPriority     0x800'22c9   0x3a  Code  Gb  stm32f4xx_hal_cortex.o [1]
HAL_NVIC_SetPriorityGrouping
                         0x800'22af   0x1a  Code  Gb  stm32f4xx_hal_cortex.o [1]
HAL_RCC_ClockConfig      0x800'1a99  0x100  Code  Gb  stm32f4xx_hal_rcc.o [1]
HAL_RCC_GetPCLK1Freq     0x800'1ba5   0x10  Code  Gb  stm32f4xx_hal_rcc.o [1]
HAL_RCC_GetPCLK2Freq     0x800'1bb5    0xe  Code  Gb  stm32f4xx_hal_rcc.o [1]
HAL_RCC_OscConfig        0x800'4635  0x31c  Code  Wk  stm32f4xx_hal_rcc.o [1]
HAL_SYSTICK_Config       0x800'2319   0x28  Code  Gb  stm32f4xx_hal_cortex.o [1]
HAL_TIMEx_BreakCallback
                         0x800'4f71    0x2  Code  Wk  stm32f4xx_hal_tim_ex.o [1]
HAL_TIMEx_CommutCallback
                         0x800'4f75    0x2  Code  Wk  stm32f4xx_hal_tim_ex.o [1]
HAL_TIMEx_ConfigBreakDeadTime
                         0x800'42a5   0x54  Code  Gb  stm32f4xx_hal_tim_ex.o [1]
HAL_TIMEx_MasterConfigSynchronization
                         0x800'4219   0x6e  Code  Gb  stm32f4xx_hal_tim_ex.o [1]
HAL_TIM_Base_Init        0x800'3ab5   0x1a  Code  Gb  stm32f4xx_hal_tim.o [1]
HAL_TIM_Base_MspInit     0x800'162d  0x182  Code  Gb  stm32f4xx_hal_msp.o [1]
HAL_TIM_Base_Start_IT    0x800'3acf   0x7c  Code  Gb  stm32f4xx_hal_tim.o [1]
HAL_TIM_ConfigClockSource
                         0x800'3eaf   0xaa  Code  Gb  stm32f4xx_hal_tim.o [1]
HAL_TIM_IRQHandler       0x800'3c99  0x142  Code  Gb  stm32f4xx_hal_tim.o [1]
HAL_TIM_MspPostInit      0x800'17bf   0xd2  Code  Gb  stm32f4xx_hal_msp.o [1]
HAL_TIM_PWM_ConfigChannel
                         0x800'3deb   0xb6  Code  Gb  stm32f4xx_hal_tim.o [1]
HAL_TIM_PWM_Init         0x800'3b71   0x1a  Code  Gb  stm32f4xx_hal_tim.o [1]
HAL_TIM_PWM_Start        0x800'3b8b   0x9a  Code  Gb  stm32f4xx_hal_tim.o [1]
HAL_TIM_PeriodElapsedCallback
                         0x800'23a9    0xe  Code  Gb  main.o [1]
HAL_UARTEx_ReceiveToIdle_DMA
                         0x800'31ef   0x2a  Code  Gb  stm32f4xx_hal_uart.o [1]
HAL_UARTEx_RxEventCallback
                         0x800'2359   0x50  Code  Gb  main.o [1]
HAL_UART_IRQHandler      0x800'327f  0x26a  Code  Gb  stm32f4xx_hal_uart.o [1]
HAL_UART_Init            0x800'30c9   0x1e  Code  Gb  stm32f4xx_hal_uart.o [1]
HAL_UART_MspInit         0x800'18a7  0x158  Code  Gb  stm32f4xx_hal_msp.o [1]
HAL_UART_Transmit        0x800'313f   0xb0  Code  Gb  stm32f4xx_hal_uart.o [1]
HardFault_Handler        0x800'5663    0x2  Code  Gb  stm32f4xx_it.o [1]
I2C2_ER_IRQHandler       0x800'56ef    0x6  Code  Gb  stm32f4xx_it.o [1]
I2C2_EV_IRQHandler       0x800'56e9    0x6  Code  Gb  stm32f4xx_it.o [1]
I2Cdev::I2Cdev()         0x800'4a41    0x2  Code  Gb  I2Cdev.o [1]
I2Cdev::readByte(unsigned char, unsigned char, unsigned char *, unsigned short)
                         0x800'4a43    0xe  Code  Gb  I2Cdev.o [1]
I2Cdev::readBytes(unsigned char, unsigned char, unsigned char, unsigned char *, unsigned short)
                         0x800'4a51   0x1c  Code  Gb  I2Cdev.o [1]
I2Cdev::readTimeout     0x2000'0398    0x2  Data  Gb  I2Cdev.o [1]
I2Cdev::writeBit(unsigned char, unsigned char, unsigned char, unsigned char)
                         0x800'4a6d   0x1a  Code  Gb  I2Cdev.o [1]
I2Cdev::writeBits(unsigned char, unsigned char, unsigned char, unsigned char, unsigned char)
                         0x800'4a99   0x1a  Code  Gb  I2Cdev.o [1]
I2Cdev::writeByte(unsigned char, unsigned char, unsigned char)
                         0x800'4adb    0xc  Code  Gb  I2Cdev.o [1]
I2Cdev::writeBytes(unsigned char, unsigned char, unsigned char, unsigned char *)
                         0x800'4af3   0x1e  Code  Gb  I2Cdev.o [1]
I2Cdev::writeWord(unsigned char, unsigned char, unsigned short)
                         0x800'4ae7    0xc  Code  Gb  I2Cdev.o [1]
I2Cdev::writeWords(unsigned char, unsigned char, unsigned char, unsigned short *)
                         0x800'4b11   0x44  Code  Gb  I2Cdev.o [1]
MPU6050::MPU6050()       0x800'495d    0x2  Code  Gb  MPU6050.o [1]
MPU6050::getRotationZ()
                         0x800'49cb    0xa  Code  Gb  MPU6050.o [1]
MPU6050::initialize()    0x800'4965   0x26  Code  Gb  MPU6050.o [1]
MPU6050::reset()         0x800'49ed    0x8  Code  Gb  MPU6050.o [1]
MPU6050::setClockSource(unsigned char)
                         0x800'4a01    0xc  Code  Gb  MPU6050.o [1]
MPU6050::setDLPFMode(unsigned char)
                         0x800'498b    0x6  Code  Gb  MPU6050.o [1]
MPU6050::setFullScaleAccelRange(unsigned char)
                         0x800'49a5    0xc  Code  Gb  MPU6050.o [1]
MPU6050::setFullScaleGyroRange(unsigned char)
                         0x800'4999    0xc  Code  Gb  MPU6050.o [1]
MPU6050::setSleepEnabled(bool)
                         0x800'49f5    0x6  Code  Gb  MPU6050.o [1]
MPU6050::setStandbyXAccelEnabled(bool)
                         0x800'4a0d    0x8  Code  Gb  MPU6050.o [1]
MPU6050::setStandbyXGyroEnabled(bool)
                         0x800'4a21    0x8  Code  Gb  MPU6050.o [1]
MPU6050::setStandbyYAccelEnabled(bool)
                         0x800'4a15    0x6  Code  Gb  MPU6050.o [1]
MPU6050::setStandbyYGyroEnabled(bool)
                         0x800'4a29    0x8  Code  Gb  MPU6050.o [1]
MPU6050::setZGyroOffset(short)
                         0x800'4a35    0xa  Code  Gb  MPU6050.o [1]
MemManage_Handler        0x800'5665    0x2  Code  Gb  stm32f4xx_it.o [1]
NMI_Handler              0x800'5661    0x2  Code  Gb  stm32f4xx_it.o [1]
PID                     0x2000'0000   0x70  Data  Gb  main.o [1]
PID_1                   0x2000'0070   0x70  Data  Gb  main.o [1]
PID_2                   0x2000'00e0   0x70  Data  Gb  main.o [1]
PID_Init                 0x800'4335   0xa2  Code  Gb  pid_function.o [1]
PID_Process_Basic        0x800'4407  0x10e  Code  Gb  pid_function.o [1]
PendSV_Handler           0x800'566f    0x2  Code  Gb  stm32f4xx_it.o [1]
Region$$Table$$Base      0x800'580c          --   Gb  - Linker created -
Region$$Table$$Limit     0x800'5830          --   Gb  - Linker created -
Robot                   0x2000'039c   0x20  Data  Gb  main.o [1]
SHT$$INIT_ARRAY$$Base    0x800'59e0          --   Gb  - Linker created -
SHT$$INIT_ARRAY$$Limit   0x800'59e4          --   Gb  - Linker created -
SHT$$PREINIT_ARRAY$$Base
                         0x800'59e0          --   Gb  - Linker created -
SHT$$PREINIT_ARRAY$$Limit
                         0x800'59e0          --   Gb  - Linker created -
SVC_Handler              0x800'566b    0x2  Code  Gb  stm32f4xx_it.o [1]
SysTick_Handler          0x800'5671    0x4  Code  Gb  stm32f4xx_it.o [1]
SystemClock_Config()     0x800'2db5   0x9e  Code  Gb  main.o [1]
SystemCoreClock         0x2000'0394    0x4  Data  Gb  system_stm32f4xx.o [1]
SystemInit               0x800'5831    0xc  Code  Gb  system_stm32f4xx.o [1]
TIM1_BRK_TIM9_IRQHandler
                         0x800'56cb   0x12  Code  Gb  stm32f4xx_it.o [1]
TIM2_IRQHandler          0x800'56dd    0x6  Code  Gb  stm32f4xx_it.o [1]
TIM3_IRQHandler          0x800'56e3    0x6  Code  Gb  stm32f4xx_it.o [1]
TIM5_IRQHandler          0x800'571d    0x6  Code  Gb  stm32f4xx_it.o [1]
TIM6_DAC_IRQHandler      0x800'5723    0x6  Code  Gb  stm32f4xx_it.o [1]
TIM7_IRQHandler          0x800'5729    0x6  Code  Gb  stm32f4xx_it.o [1]
TIM8_BRK_TIM12_IRQHandler
                         0x800'570f    0x2  Code  Gb  stm32f4xx_it.o [1]
TIM8_CC_IRQHandler       0x800'571b    0x2  Code  Gb  stm32f4xx_it.o [1]
TIM8_TRG_COM_TIM14_IRQHandler
                         0x800'5719    0x2  Code  Gb  stm32f4xx_it.o [1]
TIM8_UP_TIM13_IRQHandler
                         0x800'5711    0x2  Code  Gb  stm32f4xx_it.o [1]
TIM_Base_SetConfig       0x800'3f73   0x96  Code  Gb  stm32f4xx_hal_tim.o [1]
TIM_CCxChannelCmd        0x800'41fb   0x16  Code  Gb  stm32f4xx_hal_tim.o [1]
TIM_ETR_SetConfig        0x800'41e7   0x14  Code  Gb  stm32f4xx_hal_tim.o [1]
TIM_OC2_SetConfig        0x800'4061   0x60  Code  Gb  stm32f4xx_hal_tim.o [1]
UART_Start_Receive_DMA   0x800'367f   0x7e  Code  Gb  stm32f4xx_hal_uart.o [1]
USART1_IRQHandler        0x800'56f5    0x6  Code  Gb  stm32f4xx_it.o [1]
USART2_IRQHandler        0x800'56fb    0x6  Code  Gb  stm32f4xx_it.o [1]
USART3_IRQHandler        0x800'5701    0x6  Code  Gb  stm32f4xx_it.o [1]
UsageFault_Handler       0x800'5669    0x2  Code  Gb  stm32f4xx_it.o [1]
[local to stm32f4xx_hal_cortex_c]::__NVIC_SetPriority(IRQn_Type, unsigned int)
                         0x800'2295   0x1a  Code  Lc  stm32f4xx_hal_cortex.o [1]
[local to stm32f4xx_hal_dma_c]::DMA_CalcBaseAndBitshift(__DMA_HandleTypeDef *)
                         0x800'2031   0x26  Code  Lc  stm32f4xx_hal_dma.o [1]
[local to stm32f4xx_hal_dma_c]::DMA_SetConfig(__DMA_HandleTypeDef *, unsigned int, unsigned int, unsigned int)
                         0x800'200f   0x20  Code  Lc  stm32f4xx_hal_dma.o [1]
[local to stm32f4xx_hal_flash_c]::FLASH_Program_Byte(unsigned int, unsigned char)
                         0x800'5475   0x14  Code  Lc  stm32f4xx_hal_flash.o [1]
[local to stm32f4xx_hal_flash_c]::FLASH_Program_DoubleWord(unsigned int, unsigned long long)
                         0x800'540f   0x28  Code  Lc  stm32f4xx_hal_flash.o [1]
[local to stm32f4xx_hal_flash_c]::FLASH_Program_HalfWord(unsigned int, unsigned short)
                         0x800'5449   0x12  Code  Lc  stm32f4xx_hal_flash.o [1]
[local to stm32f4xx_hal_flash_c]::FLASH_Program_Word(unsigned int, unsigned int)
                         0x800'5437   0x12  Code  Lc  stm32f4xx_hal_flash.o [1]
[local to stm32f4xx_hal_flash_c]::FLASH_SetErrorCode()
                         0x800'5489   0x60  Code  Lc  stm32f4xx_hal_flash.o [1]
[local to stm32f4xx_hal_flash_ex_c]::FLASH_MassErase(unsigned char, unsigned int)
                         0x800'5597   0x20  Code  Lc  stm32f4xx_hal_flash_ex.o [1]
[local to stm32f4xx_hal_i2c_c]::I2C_DMAAbort(__DMA_HandleTypeDef *)
                         0x800'1275   0xcc  Code  Lc  stm32f4xx_hal_i2c.o [1]
[local to stm32f4xx_hal_i2c_c]::I2C_ITError(I2C_HandleTypeDef *)
                         0x800'0fb9   0xf0  Code  Lc  stm32f4xx_hal_i2c.o [1]
[local to stm32f4xx_hal_i2c_c]::I2C_IsAcknowledgeFailed(I2C_HandleTypeDef *)
                         0x800'1503   0x2c  Code  Lc  stm32f4xx_hal_i2c.o [1]
[local to stm32f4xx_hal_i2c_c]::I2C_MemoryTransmit_TXE_BTF(I2C_HandleTypeDef *)
                         0x800'0f11   0xa8  Code  Lc  stm32f4xx_hal_i2c.o [1]
[local to stm32f4xx_hal_i2c_c]::I2C_RequestMemoryRead(I2C_HandleTypeDef *, unsigned short, unsigned short, unsigned short, unsigned int, unsigned int)
                         0x800'1185   0xae  Code  Lc  stm32f4xx_hal_i2c.o [1]
[local to stm32f4xx_hal_i2c_c]::I2C_RequestMemoryWrite(I2C_HandleTypeDef *, unsigned short, unsigned short, unsigned short, unsigned int, unsigned int)
                         0x800'10e7   0x84  Code  Lc  stm32f4xx_hal_i2c.o [1]
[local to stm32f4xx_hal_i2c_c]::I2C_WaitOnBTFFlagUntilTimeout(I2C_HandleTypeDef *, unsigned int, unsigned int)
                         0x800'1471   0x3a  Code  Lc  stm32f4xx_hal_i2c.o [1]
[local to stm32f4xx_hal_i2c_c]::I2C_WaitOnFlagUntilTimeout(I2C_HandleTypeDef *, unsigned int, FlagStatus, unsigned int, unsigned int)
                         0x800'1349   0x50  Code  Lc  stm32f4xx_hal_i2c.o [1]
[local to stm32f4xx_hal_i2c_c]::I2C_WaitOnMasterAddressFlagUntilTimeout(I2C_HandleTypeDef *, unsigned int, unsigned int, unsigned int)
                         0x800'1399   0x74  Code  Lc  stm32f4xx_hal_i2c.o [1]
[local to stm32f4xx_hal_i2c_c]::I2C_WaitOnRXNEFlagUntilTimeout(I2C_HandleTypeDef *, unsigned int, unsigned int)
                         0x800'14ab   0x44  Code  Lc  stm32f4xx_hal_i2c.o [1]
[local to stm32f4xx_hal_i2c_c]::I2C_WaitOnTXEFlagUntilTimeout(I2C_HandleTypeDef *, unsigned int, unsigned int)
                         0x800'141b   0x3a  Code  Lc  stm32f4xx_hal_i2c.o [1]
[local to stm32f4xx_hal_tim_c]::TIM_ITRx_SetConfig(TIM_TypeDef *, unsigned int)
                         0x800'41d7   0x10  Code  Lc  stm32f4xx_hal_tim.o [1]
[local to stm32f4xx_hal_tim_c]::TIM_OC1_SetConfig(TIM_TypeDef *, TIM_OC_InitTypeDef *)
                         0x800'4009   0x58  Code  Lc  stm32f4xx_hal_tim.o [1]
[local to stm32f4xx_hal_tim_c]::TIM_OC3_SetConfig(TIM_TypeDef *, TIM_OC_InitTypeDef *)
                         0x800'40c1   0x5e  Code  Lc  stm32f4xx_hal_tim.o [1]
[local to stm32f4xx_hal_tim_c]::TIM_OC4_SetConfig(TIM_TypeDef *, TIM_OC_InitTypeDef *)
                         0x800'411f   0x46  Code  Lc  stm32f4xx_hal_tim.o [1]
[local to stm32f4xx_hal_tim_c]::TIM_TI1_ConfigInputStage(TIM_TypeDef *, unsigned int, unsigned int)
                         0x800'4195   0x1e  Code  Lc  stm32f4xx_hal_tim.o [1]
[local to stm32f4xx_hal_tim_c]::TIM_TI2_ConfigInputStage(TIM_TypeDef *, unsigned int, unsigned int)
                         0x800'41b3   0x24  Code  Lc  stm32f4xx_hal_tim.o [1]
[local to stm32f4xx_hal_uart_c]::UART_DMAAbortOnError(__DMA_HandleTypeDef *)
                         0x800'3799    0xc  Code  Lc  stm32f4xx_hal_uart.o [1]
[local to stm32f4xx_hal_uart_c]::UART_DMAError(__DMA_HandleTypeDef *)
                         0x800'35a1   0x4a  Code  Lc  stm32f4xx_hal_uart.o [1]
[local to stm32f4xx_hal_uart_c]::UART_DMAReceiveCplt(__DMA_HandleTypeDef *)
                         0x800'3511   0x6e  Code  Lc  stm32f4xx_hal_uart.o [1]
[local to stm32f4xx_hal_uart_c]::UART_DMARxHalfCplt(__DMA_HandleTypeDef *)
                         0x800'358b   0x14  Code  Lc  stm32f4xx_hal_uart.o [1]
[local to stm32f4xx_hal_uart_c]::UART_EndRxTransfer(__UART_HandleTypeDef *)
                         0x800'374f   0x2a  Code  Lc  stm32f4xx_hal_uart.o [1]
[local to stm32f4xx_hal_uart_c]::UART_EndTxTransfer(__UART_HandleTypeDef *)
                         0x800'371f   0x18  Code  Lc  stm32f4xx_hal_uart.o [1]
[local to stm32f4xx_hal_uart_c]::UART_Receive_IT(__UART_HandleTypeDef *)
                         0x800'37a5   0xaa  Code  Lc  stm32f4xx_hal_uart.o [1]
[local to stm32f4xx_hal_uart_c]::UART_SetConfig(__UART_HandleTypeDef *)
                         0x800'3879   0xae  Code  Lc  stm32f4xx_hal_uart.o [1]
[local to stm32f4xx_hal_uart_c]::UART_WaitOnFlagUntilTimeout(__UART_HandleTypeDef *, unsigned int, FlagStatus, unsigned int, unsigned int)
                         0x800'35eb   0x5e  Code  Lc  stm32f4xx_hal_uart.o [1]
__aeabi_cdcmpeq          0x800'52d5         Code  Gb  DblCmpEq.o [4]
__aeabi_cdcmple          0x800'52f5         Code  Gb  DblCmpLe.o [4]
__aeabi_cdrcmple         0x800'505d         Code  Gb  DblCmpGe.o [4]
__aeabi_d2f              0x800'4ed1         Code  Gb  DblToFlt.o [4]
__aeabi_d2iz             0x800'45f9         Code  Gb  DblToS32.o [4]
__aeabi_dadd             0x800'4d55         Code  Gb  DblAdd.o [4]
__aeabi_ddiv             0x800'508d         Code  Gb  DblDiv.o [4]
__aeabi_dmul             0x800'4bb1         Code  Gb  DblMul.o [4]
__aeabi_dsub             0x800'4f79         Code  Gb  DblSub.o [4]
__aeabi_f2d              0x800'458d         Code  Gb  FltToDbl.o [4]
__aeabi_i2d              0x800'45d5         Code  Gb  S32ToDbl.o [4]
__aeabi_ldiv0            0x800'4951         Code  Gb  I64DivZer.o [5]
__aeabi_memclr4          0x800'3aad         Code  Gb  ABImemclr4.o [5]
__aeabi_memset           0x800'3061         Code  Gb  ABImemset.o [5]
__call_ctors             0x800'5871   0x18  Code  Gb  cppinit.o [2]
__cmain                  0x800'5889         Code  Gb  cmain.o [5]
__exit                   0x800'58bd   0x14  Code  Gb  exit.o [6]
__iar_Memset             0x800'3061         Code  Gb  ABImemset.o [5]
__iar_Memset4_word       0x800'4f39         Code  Gb  ABImemset48.o [5]
__iar_Memset8_word       0x800'4f39         Code  Gb  ABImemset48.o [5]
__iar_Memset_word        0x800'3069         Code  Gb  ABImemset.o [5]
__iar_cstart_call_ctors
                         0x800'5851   0x20  Code  Gb  cmain_call_ctors.o [5]
__iar_dadd               0x800'4f89         Code  Gb  DblSub.o [4]
__iar_data_init3         0x800'57c1   0x28  Code  Gb  data_init.o [5]
__iar_debug_exceptions   0x800'2292    0x1  Data  Gb  unwind_debug.o [6]
__iar_dsub               0x800'4d65         Code  Gb  DblAdd.o [4]
__iar_dsubStart          0x800'4d77         Code  Gb  DblAdd.o [4]
__iar_init_vfp           0x800'57e9         Code  Gb  fpinit_M.o [4]
__iar_packbits_init_single3
                         0x800'5789   0x38  Code  Gb  packbits_init_single.o [5]
__iar_program_start      0x800'58e1         Code  Gb  cstartup_M.o [5]
__iar_small_strlen       0x800'4321         Code  Gb  strlen_small.o [5]
__iar_small_uldivmod     0x800'2f59         Code  Gb  I64DivMod_small.o [5]
__iar_tls$$INIT_ARRAY$$Base
                         0x800'59e4          --   Gb  - Linker created -
__iar_tls$$INIT_ARRAY$$Limit
                         0x800'59e4          --   Gb  - Linker created -
__iar_zero_init3         0x800'152f   0x3a  Code  Gb  zero_init3.o [5]
__low_level_init         0x800'58a7    0x4  Code  Gb  low_level_init.o [2]
__sti__routine           0x800'394d   0x18  Code  Lc  imu.o [1]
__vector_table           0x800'0000         Data  Gb  startup_stm32f407xx.o [1]
_call_main               0x800'5895         Code  Gb  cmain.o [5]
_exit                    0x800'58b1         Code  Gb  cexit.o [5]
_main                    0x800'58a3         Code  Gb  cmain.o [5]
buff1                   0x2000'0444    0xc  Data  Gb  main.o [1]
buff2                   0x2000'0450    0xc  Data  Gb  main.o [1]
congtoc()                0x800'2445   0x48  Code  Gb  main.o [1]
encoder_data            0x2000'063c   0x2c  Data  Gb  read_encoder_data.o [1]
exit                     0x800'58ab    0x4  Code  Gb  exit.o [2]
hdma_usart1_rx          0x2000'045c   0x60  Data  Gb  main.o [1]
hdma_usart2_rx          0x2000'04bc   0x60  Data  Gb  main.o [1]
hi2c2                   0x2000'0150   0x54  Data  Gb  main.o [1]
htim1                   0x2000'051c   0x48  Data  Gb  main.o [1]
htim2                   0x2000'0564   0x48  Data  Gb  main.o [1]
htim3                   0x2000'05ac   0x48  Data  Gb  main.o [1]
htim4                   0x2000'05f4   0x48  Data  Gb  main.o [1]
htim5                   0x2000'01e8   0x48  Data  Gb  main.o [1]
htim6                   0x2000'0230   0x48  Data  Gb  main.o [1]
htim7                   0x2000'0278   0x48  Data  Gb  main.o [1]
htim8                   0x2000'02c0   0x48  Data  Gb  main.o [1]
htim9                   0x2000'0308   0x48  Data  Gb  main.o [1]
huart1                  0x2000'03bc   0x44  Data  Gb  main.o [1]
huart2                  0x2000'0400   0x44  Data  Gb  main.o [1]
huart3                  0x2000'01a4   0x44  Data  Gb  main.o [1]
i2c                     0x2000'0374    0x1  Data  Gb  imu.o [1]
imu                     0x2000'0360   0x14  Data  Gb  imu.o [1]
imu_calib                0x800'39c1   0x4e  Code  Gb  imu.o [1]
imu_init                 0x800'3965   0x5c  Code  Gb  imu.o [1]
imu_reset                0x800'3a17    0x8  Code  Gb  imu.o [1]
imu_return               0x800'3a1f   0x4a  Code  Gb  imu.o [1]
main                     0x800'248d  0x854  Code  Gb  main.o [1]
memset                   0x800'2069   0x14  Code  Gb  memset.o [5]
mpu                     0x2000'0378   0x10  Data  Gb  imu.o [1]
pFlash                  0x2000'0668   0x20  Data  Gb  stm32f4xx_hal_flash.o [1]
rotary(short)            0x800'2433   0x12  Code  Gb  main.o [1]
rotary_motor(unsigned char, short)
                         0x800'23b7   0x72  Code  Gb  main.o [1]
transbuff               0x2000'0354    0xc  Data  Gb  main.o [1]
user                    0x2000'0350    0x2  Data  Gb  main.o [1]
uwTick                  0x2000'038c    0x4  Data  Gb  stm32f4xx_hal.o [1]
uwTickFreq              0x2000'0388    0x1  Data  Gb  stm32f4xx_hal.o [1]
uwTickPrio              0x2000'0390    0x4  Data  Gb  stm32f4xx_hal.o [1]


[1] = D:\STM32\project_ca_nhan\doanfinal\EWARM\doanfinal\Obj
[2] = dl7M_tlf.a
[3] = dlpp7M_tl_fc.a
[4] = m7M_tls.a
[5] = rt7M_tl.a
[6] = shb_l.a

  22'961 bytes of readonly  code memory
      96 bytes of readonly  data memory
   2'694 bytes of readwrite data memory

Errors: none
Warnings: none
